// Jest Snapshot v1, https://goo.gl/fbAQLP

exports[`HomeAboutSection Should maintain existing snapshot 1`] = `
ShallowWrapper {
  "length": 1,
  Symbol(enzyme.__root__): [Circular],
  Symbol(enzyme.__unrendered__): <HomeAboutSection />,
  Symbol(enzyme.__renderer__): Object {
    "batchedUpdates": [Function],
    "getNode": [Function],
    "render": [Function],
    "simulateEvent": [Function],
    "unmount": [Function],
  },
  Symbol(enzyme.__node__): Object {
    "instance": null,
    "key": undefined,
    "nodeType": "host",
    "props": Object {
      "children": Array [
        <h1>
          ABOUT US 
        </h1>,
        <p>
          Lorem ipsum dolor sit amet, consectetur adipiscing elit. Nulla aliquet non dolor sit amet tincidunt. Lorem ipsum dolor sit amet, consectetur adipiscing elit. Nulla aliquet non dolor sit amet tincidunt. Lorem ipsum dolor sit amet, consectetur adipiscing elit. Nulla aliquet non dolor sit amet tincidunt.
        </p>,
      ],
      "className": "io-about",
      "id": "about",
    },
    "ref": null,
    "rendered": Array [
      Object {
        "instance": null,
        "key": undefined,
        "nodeType": "host",
        "props": Object {
          "children": "ABOUT US ",
        },
        "ref": null,
        "rendered": "ABOUT US ",
        "type": "h1",
      },
      Object {
        "instance": null,
        "key": undefined,
        "nodeType": "host",
        "props": Object {
          "children": "Lorem ipsum dolor sit amet, consectetur adipiscing elit. Nulla aliquet non dolor sit amet tincidunt. Lorem ipsum dolor sit amet, consectetur adipiscing elit. Nulla aliquet non dolor sit amet tincidunt. Lorem ipsum dolor sit amet, consectetur adipiscing elit. Nulla aliquet non dolor sit amet tincidunt.",
        },
        "ref": null,
        "rendered": "Lorem ipsum dolor sit amet, consectetur adipiscing elit. Nulla aliquet non dolor sit amet tincidunt. Lorem ipsum dolor sit amet, consectetur adipiscing elit. Nulla aliquet non dolor sit amet tincidunt. Lorem ipsum dolor sit amet, consectetur adipiscing elit. Nulla aliquet non dolor sit amet tincidunt.",
        "type": "p",
      },
    ],
    "type": "div",
  },
  Symbol(enzyme.__nodes__): Array [
    Object {
      "instance": null,
      "key": undefined,
      "nodeType": "host",
      "props": Object {
        "children": Array [
          <h1>
            ABOUT US 
          </h1>,
          <p>
            Lorem ipsum dolor sit amet, consectetur adipiscing elit. Nulla aliquet non dolor sit amet tincidunt. Lorem ipsum dolor sit amet, consectetur adipiscing elit. Nulla aliquet non dolor sit amet tincidunt. Lorem ipsum dolor sit amet, consectetur adipiscing elit. Nulla aliquet non dolor sit amet tincidunt.
          </p>,
        ],
        "className": "io-about",
        "id": "about",
      },
      "ref": null,
      "rendered": Array [
        Object {
          "instance": null,
          "key": undefined,
          "nodeType": "host",
          "props": Object {
            "children": "ABOUT US ",
          },
          "ref": null,
          "rendered": "ABOUT US ",
          "type": "h1",
        },
        Object {
          "instance": null,
          "key": undefined,
          "nodeType": "host",
          "props": Object {
            "children": "Lorem ipsum dolor sit amet, consectetur adipiscing elit. Nulla aliquet non dolor sit amet tincidunt. Lorem ipsum dolor sit amet, consectetur adipiscing elit. Nulla aliquet non dolor sit amet tincidunt. Lorem ipsum dolor sit amet, consectetur adipiscing elit. Nulla aliquet non dolor sit amet tincidunt.",
          },
          "ref": null,
          "rendered": "Lorem ipsum dolor sit amet, consectetur adipiscing elit. Nulla aliquet non dolor sit amet tincidunt. Lorem ipsum dolor sit amet, consectetur adipiscing elit. Nulla aliquet non dolor sit amet tincidunt. Lorem ipsum dolor sit amet, consectetur adipiscing elit. Nulla aliquet non dolor sit amet tincidunt.",
          "type": "p",
        },
      ],
      "type": "div",
    },
  ],
  Symbol(enzyme.__options__): Object {
    "adapter": ReactSixteenAdapter {
      "options": Object {
        "enableComponentDidUpdateOnSetState": true,
      },
    },
  },
}
`;
