// Jest Snapshot v1, https://goo.gl/fbAQLP

exports[`HomeHeader Should maintain existing snapshot 1`] = `
ShallowWrapper {
  "length": 1,
  Symbol(enzyme.__root__): [Circular],
  Symbol(enzyme.__unrendered__): <HomeHeader />,
  Symbol(enzyme.__renderer__): Object {
    "batchedUpdates": [Function],
    "getNode": [Function],
    "render": [Function],
    "simulateEvent": [Function],
    "unmount": [Function],
  },
  Symbol(enzyme.__node__): Object {
    "instance": null,
    "key": undefined,
    "nodeType": "host",
    "props": Object {
      "children": Array [
        <h1>
          Get 25% 0ff Now!
        </h1>,
        <p>
          A Special Place for Everyone
        </p>,
      ],
      "className": "io-parallax",
    },
    "ref": null,
    "rendered": Array [
      Object {
        "instance": null,
        "key": undefined,
        "nodeType": "host",
        "props": Object {
          "children": "Get 25% 0ff Now!",
        },
        "ref": null,
        "rendered": "Get 25% 0ff Now!",
        "type": "h1",
      },
      Object {
        "instance": null,
        "key": undefined,
        "nodeType": "host",
        "props": Object {
          "children": "A Special Place for Everyone",
        },
        "ref": null,
        "rendered": "A Special Place for Everyone",
        "type": "p",
      },
    ],
    "type": "div",
  },
  Symbol(enzyme.__nodes__): Array [
    Object {
      "instance": null,
      "key": undefined,
      "nodeType": "host",
      "props": Object {
        "children": Array [
          <h1>
            Get 25% 0ff Now!
          </h1>,
          <p>
            A Special Place for Everyone
          </p>,
        ],
        "className": "io-parallax",
      },
      "ref": null,
      "rendered": Array [
        Object {
          "instance": null,
          "key": undefined,
          "nodeType": "host",
          "props": Object {
            "children": "Get 25% 0ff Now!",
          },
          "ref": null,
          "rendered": "Get 25% 0ff Now!",
          "type": "h1",
        },
        Object {
          "instance": null,
          "key": undefined,
          "nodeType": "host",
          "props": Object {
            "children": "A Special Place for Everyone",
          },
          "ref": null,
          "rendered": "A Special Place for Everyone",
          "type": "p",
        },
      ],
      "type": "div",
    },
  ],
  Symbol(enzyme.__options__): Object {
    "adapter": ReactSixteenAdapter {
      "options": Object {
        "enableComponentDidUpdateOnSetState": true,
      },
    },
  },
}
`;
